[html.themewant.com/invena/index.html]
[html.themewant.com/invena/assets/images/fav.png]
[backblue.gif]
[fade.gif]
[index.html]
[html.themewant.com/invena/assets/css/plugins/swiper.css]
[html.themewant.com/invena/assets/css/plugins/fontawesome.css]
[html.themewant.com/invena/assets/css/plugins/metismenu.css]
[html.themewant.com/invena/assets/css/plugins/magnifying-popup.css]
[html.themewant.com/invena/assets/css/plugins/odometer.css]
[html.themewant.com/invena/assets/css/vendor/bootstrap.min.css]
[html.themewant.com/invena/assets/images/banner/21.webp]
[html.themewant.com/invena/assets/css/style.css]
[html.themewant.com/invena/blog-list.html]
[html.themewant.com/invena/faq.html]
[html.themewant.com/invena/contact.html]
[html.themewant.com/invena/assets/images/logo/01.svg]
[html.themewant.com/invena/index-two.html]
[html.themewant.com/invena/index-three.html]
[html.themewant.com/invena/index-four.html]
[html.themewant.com/invena/index-five.html]
[html.themewant.com/invena/index-six.html]
[html.themewant.com/invena/index-thirteen.html]
[html.themewant.com/invena/index-fifteen.html]
[html.themewant.com/invena/index-seventeen.html]
[html.themewant.com/invena/index-seven.html]
[html.themewant.com/invena/index-eight.html]
[html.themewant.com/invena/index-sixteen.html]
[html.themewant.com/invena/index-nine.html]
[html.themewant.com/invena/index-ten.html]
[html.themewant.com/invena/index-eleven.html]
[html.themewant.com/invena/index-twelve.html]
[html.themewant.com/invena/index-fourteen.html]
[html.themewant.com/invena/onepage-one.html]
[html.themewant.com/invena/onepage-two.html]
[html.themewant.com/invena/onepage-three.html]
[html.themewant.com/invena/onepage-four.html]
[html.themewant.com/invena/onepage-five.html]
[html.themewant.com/invena/onepage-six.html]
[html.themewant.com/invena/onepage-thirteen.html]
[html.themewant.com/invena/onepage-fifteen.html]
[html.themewant.com/invena/onepage-seventeen.html]
[html.themewant.com/invena/onepage-seven.html]
[html.themewant.com/invena/onepage-eight.html]
[html.themewant.com/invena/onepage-sixteen.html]
[html.themewant.com/invena/onepage-nine.html]
[html.themewant.com/invena/onepage-ten.html]
[html.themewant.com/invena/onepage-eleven.html]
[html.themewant.com/invena/onepage-twelve.html]
[html.themewant.com/invena/onepage-fourteen.html]
[html.themewant.com/invena/about.html]
[html.themewant.com/invena/service.html]
[html.themewant.com/invena/service-details.html]
[html.themewant.com/invena/service-details-2.html]
[html.themewant.com/invena/project.html]
[html.themewant.com/invena/team.html]
[html.themewant.com/invena/gallery.html]
[html.themewant.com/invena/team-details.html]
[html.themewant.com/invena/pricing.html]
[html.themewant.com/invena/appoinment.html]
[html.themewant.com/invena/history.html]
[html.themewant.com/invena/blog-grid.html]
[html.themewant.com/invena/blog-details.html]
[html.themewant.com/invena/blog-details-2.html]
[html.themewant.com/invena/career.html]
[html.themewant.com/invena/our-mission.html]
[html.themewant.com/invena/partners.html]
[html.themewant.com/invena/contact-2.html]
[html.themewant.com/invena/shop.html]
[html.themewant.com/invena/shop-single.html]
[html.themewant.com/invena/cart.html]
[html.themewant.com/invena/chekout.44.delayed]
[html.themewant.com/invena/account.html]
[html.themewant.com/invena/coming-soon.html]
[html.themewant.com/invena/404.html]
[html.themewant.com/invena/assets/images/service/04.svg]
[html.themewant.com/invena/assets/images/service/05.svg]
[html.themewant.com/invena/service-details-3.html]
[html.themewant.com/invena/assets/images/service/06.svg]
[html.themewant.com/invena/service-details-4.html]
[html.themewant.com/invena/assets/images/service/07.svg]
[html.themewant.com/invena/service-details-5.html]
[html.themewant.com/invena/assets/images/service/12.svg]
[html.themewant.com/invena/assets/images/banner/24.webp]
[html.themewant.com/invena/project-slider.html]
[html.themewant.com/invena/project-slider-2.html]
[html.themewant.com/invena/project-card-slider.html]
[html.themewant.com/invena/project-bg-dark.html]
[html.themewant.com/invena/project-grid.html]
[html.themewant.com/invena/project-grid-col-2.html]
[html.themewant.com/invena/project-slider-grid.html]
[html.themewant.com/invena/project-slider-overflow.html]
[html.themewant.com/invena/project-grid-col-3.html]
[html.themewant.com/invena/project-details.html]
[html.themewant.com/invena/project-details-2.html]
[html.themewant.com/invena/project-details-3.html]
[html.themewant.com/invena/project-details-large-image.html]
[html.themewant.com/invena/project-details-gallery.html]
[html.themewant.com/invena/assets/images/banner/shape/01.webp]
[html.themewant.com/invena/assets/images/banner/shape/02.webp]
[html.themewant.com/invena/assets/images/banner/shape/03.webp]
[html.themewant.com/invena/assets/images/banner/shape/04.webp]
[html.themewant.com/invena/assets/images/about/04.webp]
[html.themewant.com/invena/assets/images/about/05.webp]
[html.themewant.com/invena/assets/images/about/sign.svg]
[html.themewant.com/invena/assets/images/about/shape/01.svg]
[html.themewant.com/invena/assets/images/about/shape/02.svg]
[html.themewant.com/invena/assets/images/service/icons/01.svg]
[html.themewant.com/invena/assets/images/service/icons/02.svg]
[html.themewant.com/invena/assets/images/service/icons/03.svg]
[html.themewant.com/invena/assets/images/about/icons/01.svg]
[html.themewant.com/invena/assets/images/about/icons/02.svg]
[html.themewant.com/invena/assets/images/business-goal/02.webp]
[html.themewant.com/invena/assets/images/business-goal/01.webp]
[html.themewant.com/invena/assets/images/counterup/icon/01.svg]
[html.themewant.com/invena/assets/images/counterup/icon/02.svg]
[html.themewant.com/invena/assets/images/counterup/icon/03.svg]
[html.themewant.com/invena/assets/images/counterup/icon/04.svg]
[html.themewant.com/invena/assets/images/project/01.webp]
[html.themewant.com/invena/assets/images/project/02.webp]
[html.themewant.com/invena/assets/images/client/1.webp]
[html.themewant.com/invena/assets/images/client/2.webp]
[html.themewant.com/invena/assets/images/client/3.webp]
[html.themewant.com/invena/assets/images/client/4.webp]
[html.themewant.com/invena/assets/images/client/5.webp]
[html.themewant.com/invena/assets/images/client/6.webp]
[html.themewant.com/invena/assets/images/team/04.webp]
[html.themewant.com/invena/assets/images/team/05.webp]
[html.themewant.com/invena/assets/images/team/06.webp]
[html.themewant.com/invena/assets/images/team/07.webp]
[html.themewant.com/invena/assets/images/testimonials/01.webp]
[html.themewant.com/invena/assets/images/appoinment/01.webp]
[html.themewant.com/invena/assets/images/blog/01.webp]
[html.themewant.com/invena/assets/images/blog/02.webp]
[html.themewant.com/invena/assets/images/blog/03.webp]
[html.themewant.com/invena/assets/images/footer/02.svg]
[html.themewant.com/invena/assets/js/plugins/jquery.js]
[html.themewant.com/invena/assets/js/plugins/odometer.js]
[html.themewant.com/invena/assets/js/plugins/jquery-appear.js]
[html.themewant.com/invena/assets/js/plugins/gsap.js]
[html.themewant.com/invena/assets/js/plugins/split-text.js]
[html.themewant.com/invena/assets/js/plugins/scroll-trigger.js]
[html.themewant.com/invena/assets/js/plugins/smooth-scroll.js]
[html.themewant.com/invena/assets/js/plugins/metismenu.js]
[html.themewant.com/invena/assets/js/plugins/popup.js]
[html.themewant.com/invena/assets/js/vendor/bootstrap.min.js]
[html.themewant.com/invena/assets/js/plugins/swiper.js]
[html.themewant.com/invena/assets/js/plugins/contact.form.js]
[html.themewant.com/invena/index.html]
[html.themewant.com/invena/assets/js/main.js]
[html.themewant.com/invena/assets/fonts/fa-brands-400.woff2]
[html.themewant.com/invena/assets/fonts/fa-duotone-900.woff2]
[html.themewant.com/invena/assets/fonts/fa-brands-400.ttf]
[html.themewant.com/invena/assets/fonts/fa-light-300.woff2]
[html.themewant.com/invena/assets/fonts/fa-duotone-900.ttf]
[html.themewant.com/invena/assets/fonts/fa-regular-400.woff2]
[html.themewant.com/invena/assets/fonts/fa-light-300.ttf]
[html.themewant.com/invena/assets/fonts/fa-solid-900.woff2]
[html.themewant.com/invena/assets/fonts/fa-regular-400.ttf]
[html.themewant.com/invena/assets/fonts/fa-thin-100.woff2]
[html.themewant.com/invena/assets/fonts/fa-solid-900.ttf]
[html.themewant.com/invena/assets/fonts/fa-thin-100.ttf]
[html.themewant.com/invena/assets/fonts/fa-v4compatibility.woff2]
[html.themewant.com/invena/assets/fonts/fa-v4compatibility.ttf]
[html.themewant.com/invena/assets/css/plugins/fontawesome.css]
[html.themewant.com/invena/assets/css/plugins/swiper.css]
[html.themewant.com/invena/assets/css/plugins/metismenu.css]
[html.themewant.com/invena/assets/css/plugins/magnifying-popup.css]
[html.themewant.com/invena/assets/css/plugins/odometer.css]
[html.themewant.com/invena/assets/css/vendor/bootstrap.min.css]
[html.themewant.com/invena/assets/images/bg/bg-image-1.jpg]
[html.themewant.com/invena/assets/images/bg/bg-image-2.jpg]
[html.themewant.com/invena/assets/images/bg/bg-image-3.jpg]
[html.themewant.com/invena/assets/images/bg/bg-image-4.jpg]
[html.themewant.com/invena/assets/images/bg/bg-image-5.jpg]
[html.themewant.com/invena/assets/images/bg/bg-image-6.jpg]
[html.themewant.com/invena/assets/images/bg/bg-image-7.jpg]
[html.themewant.com/invena/assets/images/bg/bg-image-8.jpg]
[html.themewant.com/invena/assets/images/bg/bg-image-9.jpg]
[html.themewant.com/invena/assets/images/bg/bg-image-10.jpg]
[html.themewant.com/invena/assets/images/bg/bg-image-11.jpg]
[html.themewant.com/invena/assets/images/bg/bg-image-12.jpg]
[html.themewant.com/invena/assets/images/bg/bg-image-13.jpg]
[html.themewant.com/invena/assets/images/bg/bg-image-14.jpg]
[html.themewant.com/invena/assets/images/bg/bg-image-15.jpg]
[html.themewant.com/invena/assets/images/bg/bg-image-16.jpg]
[html.themewant.com/invena/assets/images/bg/bg-image-17.jpg]
[html.themewant.com/invena/assets/images/bg/bg-image-18.jpg]
[html.themewant.com/invena/assets/images/bg/bg-image-19.jpg]
[html.themewant.com/invena/assets/images/bg/bg-image-20.jpg]
[html.themewant.com/invena/assets/images/bg/bg-image-21.jpg]
[html.themewant.com/invena/assets/images/bg/bg-image-22.jpg]
[html.themewant.com/invena/assets/images/bg/bg-image-23.jpg]
[html.themewant.com/invena/assets/images/bg/bg-image-24.jpg]
[html.themewant.com/invena/assets/images/bg/bg-image-25.jpg]
[html.themewant.com/invena/assets/images/bg/bg-image-26.jpg]
[html.themewant.com/invena/assets/images/bg/bg-image-27.jpg]
[html.themewant.com/invena/assets/images/bg/bg-image-28.jpg]
[html.themewant.com/invena/assets/images/bg/bg-image-29.jpg]
[html.themewant.com/invena/assets/images/bg/bg-image-30.jpg]
[html.themewant.com/invena/assets/images/bg/bg-image-31.jpg]
[html.themewant.com/invena/assets/images/bg/bg-image-32.jpg]
[html.themewant.com/invena/assets/images/bg/bg-image-33.jpg]
[html.themewant.com/invena/assets/images/bg/bg-image-34.jpg]
[html.themewant.com/invena/assets/images/bg/bg-image-35.jpg]
[html.themewant.com/invena/assets/images/bg/bg-image-36.jpg]
[html.themewant.com/invena/assets/images/bg/bg-image-37.jpg]
[html.themewant.com/invena/assets/images/bg/bg-image-38.jpg]
[html.themewant.com/invena/assets/images/bg/bg-image-39.jpg]
[html.themewant.com/invena/assets/images/bg/bg-image-40.jpg]
[html.themewant.com/invena/assets/images/banner/shape/close.png]
[html.themewant.com/invena/assets/images/banner/01.webp]
[html.themewant.com/invena/assets/images/banner/02.webp]
[html.themewant.com/invena/assets/images/banner/20.webp]
[html.themewant.com/invena/assets/images/banner/03.webp]
[html.themewant.com/invena/assets/images/banner/25.webp]
[html.themewant.com/invena/assets/images/banner/26.webp]
[html.themewant.com/invena/assets/images/banner/06.webp]
[html.themewant.com/invena/assets/images/banner/07.webp]
[html.themewant.com/invena/assets/images/banner/08.webp]
[html.themewant.com/invena/assets/images/banner/09.webp]
[html.themewant.com/invena/assets/images/banner/10.webp]
[html.themewant.com/invena/assets/images/banner/13.webp]
[html.themewant.com/invena/assets/images/blog/18.webp]
[html.themewant.com/invena/assets/images/banner/23.webp]
[html.themewant.com/invena/assets/images/banner/28.webp]
[html.themewant.com/invena/assets/images/banner/29.webp]
[html.themewant.com/invena/assets/images/banner/30.webp]
[html.themewant.com/invena/assets/images/banner/31.webp]
[html.themewant.com/invena/assets/images/about/07.webp]
[html.themewant.com/invena/assets/images/service/06.webp]
[html.themewant.com/invena/assets/images/service/01.webp]
[html.themewant.com/invena/assets/images/service/02.webp]
[html.themewant.com/invena/assets/images/service/03.webp]
[html.themewant.com/invena/assets/images/service/04.webp]
[html.themewant.com/invena/assets/images/service/05.webp]
[html.themewant.com/invena/assets/images/banner/22.webp]
[html.themewant.com/invena/assets/images/cta/07.webp]
[html.themewant.com/invena/assets/images/process/01.png]
[html.themewant.com/invena/assets/images/team/bg.webp]
[html.themewant.com/invena/assets/images/pricing/bg_img.webp]
[html.themewant.com/invena/assets/images/pricing/01.webp]
[html.themewant.com/invena/assets/images/cta/01.webp]
[html.themewant.com/invena/assets/images/cta/02.webp]
[html.themewant.com/invena/assets/images/cta/03.webp]
[html.themewant.com/invena/assets/images/cta/04.webp]
[html.themewant.com/invena/assets/images/cta/06.webp]
[html.themewant.com/invena/assets/images/cta/08.webp]
[html.themewant.com/invena/assets/images/cta/09.webp]
[html.themewant.com/invena/assets/images/cta/10.webp]
[html.themewant.com/invena/assets/images/footer/01.webp]
[html.themewant.com/invena/assets/images/footer/03.webp]
[html.themewant.com/invena/assets/images/footer/footer-bg-2.jpg]
[html.themewant.com/invena/assets/images/footer/04.webp]
[html.themewant.com/invena/assets/images/footer/05.webp]
[html.themewant.com/invena/assets/images/project/10.webp]
[html.themewant.com/invena/assets/images/counterup/01.svg]
[html.themewant.com/invena/assets/images/project/17.webp]
[html.themewant.com/invena/assets/images/counterup/01.webp]
[html.themewant.com/invena/assets/images/brand/bg.webp]
[html.themewant.com/invena/assets/images/faq/bg.webp]
[html.themewant.com/invena/assets/images/banner/05.webp]
[html.themewant.com/invena/assets/images/wokring-process/bg-01.jpg]
[html.themewant.com/invena/assets/images/appoinment/02.webp]
[html.themewant.com/invena/assets/images/appoinment/03.webp]
[html.themewant.com/invena/assets/images/appoinment/04.webp]
[html.themewant.com/invena/assets/images/testimonials/02.webp]
[html.themewant.com/invena/assets/images/testimonials/icon/01.png]
[html.themewant.com/invena/assets/images/testimonials/05.webp]
[html.themewant.com/invena/assets/images/testimonials/avatar/01.png]
[html.themewant.com/invena/assets/images/testimonials/avatar/02.png]
[html.themewant.com/invena/assets/images/testimonials/avatar/03.png]
[html.themewant.com/invena/assets/images/testimonials/avatar/04.png]
[html.themewant.com/invena/assets/images/testimonials/avatar/05.png]
[html.themewant.com/invena/assets/images/testimonials/08.webp]
[html.themewant.com/invena/assets/images/appoinment/06.webp]
[html.themewant.com/invena/assets/images/appoinment/07.webp]
[html.themewant.com/invena/assets/images/shop/shop-03.jpg]
[html.themewant.com/invena/assets/images/shop/shop-01.jpg]
[html.themewant.com/invena/assets/images/shop/shop-02.jpg]
[html.themewant.com/invena/assets/images/banner/14.webp]
[html.themewant.com/invena/assets/images/banner/15.webp]
[html.themewant.com/invena/assets/images/banner/16.webp]
[html.themewant.com/invena/assets/images/banner/17.webp]
[html.themewant.com/invena/assets/images/banner/18.webp]
[html.themewant.com/invena/assets/images/banner/19.webp]
[html.themewant.com/invena/assets/images/footer/bullet.png]
[html.themewant.com/invena/assets/css/style.css]
[html.themewant.com/invena/assets/images/about/shape/01.png]
[html.themewant.com/invena/assets/images/about/shape/02.png]
[html.themewant.com/invena/assets/images/about/shape/03.png]
[html.themewant.com/invena/assets/images/blog/14.webp]
[html.themewant.com/invena/assets/images/blog/15.webp]
[html.themewant.com/invena/assets/images/blog/16.webp]
[html.themewant.com/invena/assets/images/blog/17.webp]
[html.themewant.com/invena/assets/images/blog/details/recent-post/01.png]
[html.themewant.com/invena/assets/images/blog/details/recent-post/02.png]
[html.themewant.com/invena/assets/images/blog/details/recent-post/03.png]
[html.themewant.com/invena/assets/images/logo/logo-2.svg]
[html.themewant.com/invena/assets/images/brand/01.webp]
[html.themewant.com/invena/assets/images/brand/02.webp]
[html.themewant.com/invena/assets/images/brand/03.webp]
[html.themewant.com/invena/assets/images/brand/04.webp]
[html.themewant.com/invena/assets/images/brand/05.webp]
[html.themewant.com/invena/assets/images/brand/06.webp]
[html.themewant.com/invena/assets/images/logo/03.svg]
[html.themewant.com/invena/assets/images/footer/under-title.png]
[html.themewant.com/invena/privacy-policy.html]
[html.themewant.com/invena/terms-of-condition.html]
[html.themewant.com/invena/blog-list.html]
[html.themewant.com/invena/assets/images/about/08.webp]
[html.themewant.com/invena/assets/images/about/09.webp]
[html.themewant.com/invena/assets/images/about/poligon-shape.svg]
[html.themewant.com/invena/faq.html]
[html.themewant.com/invena/assets/images/contact/01.webp]
[html.themewant.com/invena/contact.html]
[html.themewant.com/invena/assets/images/logo/01.svg]
[html.themewant.com/invena/assets/images/banner/shape/04.png]
[html.themewant.com/invena/assets/images/about/01.webp]
[html.themewant.com/invena/assets/images/service/01.svg]
[html.themewant.com/invena/assets/images/service/02.svg]
[html.themewant.com/invena/assets/images/service/03.svg]
[html.themewant.com/invena/assets/images/about/02.webp]
[html.themewant.com/invena/assets/images/about/03.webp]
[html.themewant.com/invena/assets/images/fun-facts/01.svg]
[html.themewant.com/invena/assets/images/fun-facts/02.svg]
[html.themewant.com/invena/assets/images/fun-facts/03.svg]
[html.themewant.com/invena/assets/images/process/icon/01.svg]
[html.themewant.com/invena/assets/images/process/icon/02.svg]
[html.themewant.com/invena/assets/images/process/icon/03.svg]
[html.themewant.com/invena/assets/images/process/01.webp]
[html.themewant.com/invena/assets/images/team/01.webp]
[html.themewant.com/invena/assets/images/team/02.webp]
[html.themewant.com/invena/assets/images/team/03.webp]
[html.themewant.com/invena/assets/images/business/01.webp]
[html.themewant.com/invena/assets/images/footer/01.png]
[html.themewant.com/invena/index-two.html]
[html.themewant.com/invena/assets/images/icons/menu.png]
[html.themewant.com/invena/assets/images/icons/menu-light.png]
[html.themewant.com/invena/assets/images/banner/04.webp]
[html.themewant.com/invena/assets/images/banner/shape/01.png]
[html.themewant.com/invena/assets/images/banner/shape/02.png]
[html.themewant.com/invena/assets/images/banner/shape/03.png]
[html.themewant.com/invena/assets/images/service/icons/04.svg]
[html.themewant.com/invena/assets/images/service/icons/05.svg]
[html.themewant.com/invena/assets/images/service/icons/06.svg]
[html.themewant.com/invena/assets/images/service/icons/07.svg]
[html.themewant.com/invena/assets/images/about/06.webp]
[html.themewant.com/invena/assets/images/wokring-process/icon/01.svg]
[html.themewant.com/invena/assets/images/wokring-process/icon/02.svg]
[html.themewant.com/invena/assets/images/wokring-process/icon/03.svg]
[html.themewant.com/invena/assets/images/wokring-process/icon/04.svg]
[html.themewant.com/invena/assets/images/why-choose/01.svg]
[html.themewant.com/invena/assets/images/why-choose/02.svg]
[html.themewant.com/invena/assets/images/why-choose/01.webp]
[html.themewant.com/invena/assets/images/why-choose/03.webp]
[html.themewant.com/invena/assets/images/why-choose/02.webp]
[html.themewant.com/invena/assets/images/project/03.webp]
[html.themewant.com/invena/assets/images/project/04.webp]
[html.themewant.com/invena/assets/images/project/05.webp]
[html.themewant.com/invena/assets/images/project/06.webp]
[html.themewant.com/invena/assets/images/testimonials/avatar/01.webp]
[html.themewant.com/invena/assets/images/testimonials/icons/01.webp]
[html.themewant.com/invena/assets/images/testimonials/avatar/02.webp]
[html.themewant.com/invena/assets/images/testimonials/icons/02.webp]
[html.themewant.com/invena/assets/images/testimonials/avatar/03.webp]
[html.themewant.com/invena/assets/images/testimonials/icons/03.webp]
[html.themewant.com/invena/assets/images/blog/04.webp]
[html.themewant.com/invena/assets/images/blog/05.webp]
[html.themewant.com/invena/assets/images/blog/06.webp]
[html.themewant.com/invena/index-three.html]
[html.themewant.com/invena/assets/images/banner/shape/left.svg]
[html.themewant.com/invena/assets/images/banner/shape/right.svg]
[html.themewant.com/invena/assets/images/why-choose/04.webp]
[html.themewant.com/invena/assets/images/why-choose/icons/01.svg]
[html.themewant.com/invena/assets/images/why-choose/05.webp]
[html.themewant.com/invena/assets/images/why-choose/icons/02.svg]
[html.themewant.com/invena/assets/images/why-choose/06.webp]
[html.themewant.com/invena/assets/images/why-choose/icons/03.svg]
[html.themewant.com/invena/assets/images/cta/05.webp]
[html.themewant.com/invena/assets/images/why-choose/07.webp]
[html.themewant.com/invena/assets/images/why-choose/08.webp]
[html.themewant.com/invena/assets/images/why-choose/icons/06.svg]
[html.themewant.com/invena/assets/images/why-choose/icons/07.svg]
[html.themewant.com/invena/assets/images/project/07.webp]
[html.themewant.com/invena/assets/images/project/eye.svg]
[html.themewant.com/invena/assets/images/project/08.webp]
[html.themewant.com/invena/assets/images/project/09.webp]
[html.themewant.com/invena/assets/images/faq/01.webp]
[html.themewant.com/invena/assets/images/blog/07.webp]
[html.themewant.com/invena/assets/images/blog/08.webp]
[html.themewant.com/invena/assets/images/blog/09.webp]
[html.themewant.com/invena/assets/images/gallery/01.webp]
[html.themewant.com/invena/assets/images/gallery/instagram.svg]
[html.themewant.com/invena/assets/images/gallery/03.webp]
[html.themewant.com/invena/assets/images/gallery/04.webp]
[html.themewant.com/invena/assets/images/gallery/05.webp]
[html.themewant.com/invena/assets/images/gallery/02.webp]
[html.themewant.com/invena/index-four.html]
[html.themewant.com/invena/contactus.html]
[html.themewant.com/invena/assets/images/banner/shape/05.png]
[html.themewant.com/invena/assets/images/banner/shape/06.png]
[html.themewant.com/invena/assets/images/banner/shape/07.png]
[html.themewant.com/invena/assets/images/service/icons/08.svg]
[html.themewant.com/invena/assets/images/service/icons/09.svg]
[html.themewant.com/invena/assets/images/service/icons/10.svg]
[html.themewant.com/invena/assets/images/fun/01.svg]
[html.themewant.com/invena/assets/images/fun/02.svg]
[html.themewant.com/invena/assets/images/fun/03.svg]
[html.themewant.com/invena/assets/images/about/10.webp]
[html.themewant.com/invena/assets/images/about/icons/03.svg]
[html.themewant.com/invena/assets/images/about/icons/04.svg]
[html.themewant.com/invena/assets/images/about/icons/05.svg]
[html.themewant.com/invena/assets/images/team/08.webp]
[html.themewant.com/invena/assets/images/team/09.webp]
[html.themewant.com/invena/assets/images/team/10.webp]
[html.themewant.com/invena/assets/images/team/11.webp]
[html.themewant.com/invena/assets/images/business/02.webp]
[html.themewant.com/invena/assets/images/project/01.svg]
[html.themewant.com/invena/assets/images/project/11.webp]
[html.themewant.com/invena/assets/images/testimonials/03.webp]
[html.themewant.com/invena/assets/images/testimonials/04.webp]
[html.themewant.com/invena/index-five.html]
[html.themewant.com/invena/assets/images/logo/05.svg]
[html.themewant.com/invena/assets/images/about/11.webp]
[html.themewant.com/invena/assets/images/about/icons/06.svg]
[html.themewant.com/invena/assets/images/about/icons/07.svg]
[html.themewant.com/invena/assets/images/business-goal/03.webp]
[html.themewant.com/invena/assets/images/project/12.webp]
[html.themewant.com/invena/assets/images/project/13.webp]
[html.themewant.com/invena/assets/images/project/14.webp]
[html.themewant.com/invena/assets/images/project/15.webp]
[html.themewant.com/invena/assets/images/testimonials/avatar/04.webp]
[html.themewant.com/invena/assets/images/blog/10.webp]
[html.themewant.com/invena/assets/images/gallery/06.webp]
[html.themewant.com/invena/assets/images/gallery/07.webp]
[html.themewant.com/invena/assets/images/gallery/08.webp]
[html.themewant.com/invena/assets/images/gallery/09.webp]
[html.themewant.com/invena/assets/images/gallery/10.webp]
[html.themewant.com/invena/assets/images/footer/post/01.png]
[html.themewant.com/invena/assets/images/footer/post/02.png]
[html.themewant.com/invena/index-six.html]
[html.themewant.com/invena/assets/images/logo/07.svg]
[html.themewant.com/invena/assets/images/banner/27.webp]
[html.themewant.com/invena/assets/images/banner/small-img/03.png]
[html.themewant.com/invena/assets/images/why-choose/11.webp]
[html.themewant.com/invena/assets/images/why-choose/icons/08.svg]
[html.themewant.com/invena/assets/images/why-choose/icons/09.svg]
[html.themewant.com/invena/assets/images/testimonials/07.webp]
[html.themewant.com/invena/index-thirteen.html]
[html.themewant.com/invena/assets/images/logo/08.svg]
[html.themewant.com/invena/assets/images/service/14.webp]
[html.themewant.com/invena/assets/images/service/icon/03.svg]
[html.themewant.com/invena/assets/images/service/15.webp]
[html.themewant.com/invena/assets/images/service/icon/04.svg]
[html.themewant.com/invena/assets/images/service/16.webp]
[html.themewant.com/invena/assets/images/service/icon/05.svg]
[html.themewant.com/invena/assets/images/testimonials/icons/04.svg]
[html.themewant.com/invena/assets/images/gallery/16.webp]
[html.themewant.com/invena/assets/images/process/04.webp]
[html.themewant.com/invena/assets/images/process/icon/04.svg]
[html.themewant.com/invena/assets/images/blog/11.webp]
[html.themewant.com/invena/assets/images/blog/12.webp]
[html.themewant.com/invena/assets/images/blog/13.webp]
[html.themewant.com/invena/index-fifteen.html]
[html.themewant.com/invena/assets/images/brand/01.png]
[html.themewant.com/invena/assets/images/brand/02.png]
[html.themewant.com/invena/assets/images/brand/03.png]
[html.themewant.com/invena/assets/images/brand/04.png]
[html.themewant.com/invena/assets/images/banner/32.webp]
[html.themewant.com/invena/assets/images/brand/05.png]
[html.themewant.com/invena/assets/images/service/icons/11.svg]
[html.themewant.com/invena/assets/images/service/07.webp]
[html.themewant.com/invena/assets/images/service/icons/12.svg]
[html.themewant.com/invena/assets/images/service/08.webp]
[html.themewant.com/invena/assets/images/service/09.webp]
[html.themewant.com/invena/assets/images/service/icons/13.svg]
[html.themewant.com/invena/assets/images/service/10.webp]
[html.themewant.com/invena/assets/images/service/icons/14.svg]
[html.themewant.com/invena/assets/images/about/12.webp]
[html.themewant.com/invena/assets/images/about/13.webp]
[html.themewant.com/invena/assets/images/service/13.svg]
[html.themewant.com/invena/assets/images/service/14.svg]
[html.themewant.com/invena/assets/images/service/15.svg]
[html.themewant.com/invena/assets/images/service/16.svg]
[html.themewant.com/invena/assets/images/why-choose/13.webp]
[html.themewant.com/invena/index-seventeen.html]
[html.themewant.com/invena/assets/images/logo/02.svg]
[html.themewant.com/invena/assets/images/process/02.webp]
[html.themewant.com/invena/assets/images/project/16.webp]
[html.themewant.com/invena/assets/images/project/02.svg]
[html.themewant.com/invena/assets/images/testimonials/06.webp]
[html.themewant.com/invena/index-seven.html]
[html.themewant.com/invena/assets/images/banner/11.webp]
[html.themewant.com/invena/assets/images/banner/shape/shape.svg]
[html.themewant.com/invena/assets/images/banner/shape/08.png]
[html.themewant.com/invena/assets/images/service/01.png]
[html.themewant.com/invena/assets/images/about/sign-white.svg]
[html.themewant.com/invena/assets/images/about/14.webp]
[html.themewant.com/invena/assets/images/why-choose/09.webp]
[html.themewant.com/invena/index-eight.html]
[html.themewant.com/invena/assets/images/banner/small-img/01.png]
[html.themewant.com/invena/assets/images/about/17.webp]
[html.themewant.com/invena/assets/images/service/17.webp]
[html.themewant.com/invena/assets/images/service/18.webp]
[html.themewant.com/invena/assets/images/service/19.webp]
[html.themewant.com/invena/assets/images/service/20.webp]
[html.themewant.com/invena/assets/images/service/21.webp]
[html.themewant.com/invena/assets/images/service/22.webp]
[html.themewant.com/invena/assets/images/service/23.webp]
[html.themewant.com/invena/index-sixteen.html]
[html.themewant.com/invena/assets/images/logo/04.svg]
[html.themewant.com/invena/assets/images/banner/12.webp]
[html.themewant.com/invena/assets/images/banner/icon/video.svg]
[html.themewant.com/invena/assets/images/why-choose/10.webp]
[html.themewant.com/invena/assets/images/team/12.webp]
[html.themewant.com/invena/assets/images/team/13.webp]
[html.themewant.com/invena/assets/images/team/14.webp]
[html.themewant.com/invena/assets/images/team/15.webp]
[html.themewant.com/invena/assets/images/fun-facts/01.webp]
[html.themewant.com/invena/assets/images/testimonials/01.svg]
[html.themewant.com/invena/assets/images/appoinment/05.webp]
[html.themewant.com/invena/index-nine.html]
[html.themewant.com/invena/assets/images/banner/small-img/01.webp]
[html.themewant.com/invena/assets/images/banner/small-img/02.webp]
[html.themewant.com/invena/assets/images/about/15.webp]
[html.themewant.com/invena/assets/images/about/icons/08.svg]
[html.themewant.com/invena/assets/images/about/icons/09.svg]
[html.themewant.com/invena/index-ten.html]
[html.themewant.com/invena/assets/images/banner/icon/video-white.svg]
[html.themewant.com/invena/assets/images/testimonials/01.png]
[html.themewant.com/invena/assets/images/footer/02.png]
[html.themewant.com/invena/index-eleven.html]
[html.themewant.com/invena/assets/images/banner/01.mp4]
[html.themewant.com/invena/index-twelve.html]
[html.themewant.com/invena/assets/images/why-choose/12.webp]
[html.themewant.com/invena/assets/images/testimonials/09.webp]
[html.themewant.com/invena/index-fourteen.html]
[html.themewant.com/invena/onepage-one.html]
[html.themewant.com/invena/onepage-two.html]
[html.themewant.com/invena/onepage-three.html]
[html.themewant.com/invena/onepage-four.html]
[html.themewant.com/golfy/assets/js/plugins/magnific-popup.js]
[html.themewant.com/invena/onepage-five.html]
[html.themewant.com/invena/onepage-six.html]
[html.themewant.com/invena/onepage-thirteen.html]
[html.themewant.com/invena/onepage-fifteen.html]
[html.themewant.com/invena/onepage-seventeen.html]
[html.themewant.com/invena/onepage-seven.html]
[html.themewant.com/invena/onepage-eight.html]
[html.themewant.com/invena/onepage-sixteen.html]
[html.themewant.com/invena/onepage-nine.html]
[html.themewant.com/invena/onepage-ten.html]
[html.themewant.com/invena/onepage-eleven.html]
[html.themewant.com/invena/onepage-twelve.html]
[html.themewant.com/invena/onepage-fourteen.html]
[html.themewant.com/invena/assets/images/about/16.webp]
[html.themewant.com/invena/about.html]
[html.themewant.com/invena/assets/images/process/03.webp]
[html.themewant.com/invena/assets/images/faq/02.webp]
[html.themewant.com/invena/service.html]
[html.themewant.com/invena/assets/images/service/11.webp]
[html.themewant.com/invena/assets/images/service/08.svg]
[html.themewant.com/invena/assets/images/service/12.webp]
[html.themewant.com/invena/assets/images/service/13.webp]
[html.themewant.com/invena/assets/images/service/icon/01.svg]
[html.themewant.com/invena/assets/images/service/icon/02.svg]
[html.themewant.com/invena/assets/images/logo/06.svg]
[html.themewant.com/invena/service-details.html]
[html.themewant.com/invena/service-details-2.html]
[html.themewant.com/invena/assets/images/project/18.webp]
[html.themewant.com/invena/project.html]
[html.themewant.com/invena/team.html]
[html.themewant.com/invena/gallery.html]
[html.themewant.com/invena/assets/images/team/16.webp]
[html.themewant.com/invena/team-details.html]
[html.themewant.com/invena/pricing.html]
[html.themewant.com/invena/assets/images/fun/04.svg]
[html.themewant.com/invena/assets/images/fun/05.svg]
[html.themewant.com/invena/assets/images/fun/06.svg]
[html.themewant.com/invena/appoinment.html]
[html.themewant.com/invena/history.html]
[html.themewant.com/invena/blog-grid.html]
[html.themewant.com/invena/assets/images/appoinment/01.svg]
[html.themewant.com/invena/assets/images/blog/19.webp]
[html.themewant.com/invena/assets/images/blog/details/03.jpg]
[html.themewant.com/invena/assets/images/blog/details/author.jpg]
[html.themewant.com/invena/blog-details.html]
[html.themewant.com/invena/blog-details-2.html]
[html.themewant.com/invena/assets/images/blog/20.webp]
[html.themewant.com/invena/assets/images/gallery/11.webp]
[html.themewant.com/invena/assets/images/gallery/12.webp]
[html.themewant.com/invena/assets/images/gallery/13.webp]
[html.themewant.com/invena/assets/images/gallery/14.webp]
[html.themewant.com/invena/assets/images/gallery/15.webp]
[html.themewant.com/invena/career.html]
[html.themewant.com/invena/assets/images/mission/01.webp]
[html.themewant.com/invena/assets/images/mission/02.webp]
[html.themewant.com/invena/assets/images/mission/03.webp]
[html.themewant.com/invena/our-mission.html]
[html.themewant.com/invena/partners.html]
[html.themewant.com/invena/contact-2.html]
[html.themewant.com/invena/assets/images/shop/01.webp]
[html.themewant.com/invena/assets/images/shop/02.webp]
[html.themewant.com/invena/assets/images/shop/03.webp]
[html.themewant.com/invena/assets/images/shop/04.webp]
[html.themewant.com/invena/assets/images/shop/05.webp]
[html.themewant.com/invena/assets/images/shop/06.webp]
[html.themewant.com/invena/assets/images/shop/07.webp]
[html.themewant.com/invena/assets/images/shop/08.webp]
[html.themewant.com/invena/assets/images/shop/09.webp]
[html.themewant.com/invena/shop.html]
[html.themewant.com/invena/shop-single.html]
[html.themewant.com/invena/cart.html]
[html.themewant.com/invena/chekout.html]
[html.themewant.com/invena/account.html]
[html.themewant.com/invena/coming-soon.html]
[html.themewant.com/invena/404.html]
[html.themewant.com/invena/assets/images/service/04.svg]
[html.themewant.com/invena/assets/images/service/05.svg]
[html.themewant.com/invena/service-details-3.html]
[html.themewant.com/invena/assets/images/service/06.svg]
[html.themewant.com/invena/service-details-4.html]
[html.themewant.com/invena/assets/images/service/07.svg]
[html.themewant.com/invena/service-details-5.html]
[html.themewant.com/invena/assets/images/service/12.svg]
[html.themewant.com/invena/project-slider.html]
[html.themewant.com/invena/project-slider-2.html]
[html.themewant.com/invena/project-card-slider.html]
[html.themewant.com/invena/project-bg-dark.html]
[html.themewant.com/invena/project-grid.html]
[html.themewant.com/invena/project-grid-col-2.html]
[html.themewant.com/invena/project-slider-grid.html]
[html.themewant.com/invena/project-slider-overflow.html]
[html.themewant.com/invena/project-grid-col-3.html]
[html.themewant.com/invena/assets/images/portfolio/29.webp]
[html.themewant.com/invena/assets/images/portfolio/30.webp]
[html.themewant.com/invena/assets/images/portfolio/31.webp]
[html.themewant.com/invena/assets/images/portfolio/icons/05.svg]
[html.themewant.com/invena/assets/images/portfolio/icons/06.svg]
[html.themewant.com/invena/assets/images/portfolio/icons/07.svg]
[html.themewant.com/invena/assets/images/portfolio/icons/08.svg]
[html.themewant.com/invena/assets/images/portfolio/32.webp]
[html.themewant.com/invena/project-details.html]
[html.themewant.com/invena/project-details-2.html]
[html.themewant.com/invena/assets/images/portfolio/34.webp]
[html.themewant.com/invena/project-details-3.html]
[html.themewant.com/invena/assets/images/portfolio/35.webp]
[html.themewant.com/invena/assets/images/portfolio/36.webp]
[html.themewant.com/invena/project-details-large-image.html]
[html.themewant.com/invena/assets/images/project/20.jpg]
[html.themewant.com/invena/assets/images/project/21.jpg]
[html.themewant.com/invena/assets/images/project/22.jpg]
[html.themewant.com/invena/assets/images/project/23.jpg]
[html.themewant.com/invena/project-details-gallery.html]
[html.themewant.com/invena/assets/images/icons/01.svg]
[html.themewant.com/invena/assets/images/about/sign.svg]
[html.themewant.com/invena/assets/images/about/shape/01.svg]
[html.themewant.com/invena/assets/images/about/shape/02.svg]
[html.themewant.com/invena/assets/images/service/icons/01.svg]
[html.themewant.com/invena/assets/images/service/icons/02.svg]
[html.themewant.com/invena/assets/images/service/icons/03.svg]
[html.themewant.com/invena/assets/images/about/icons/01.svg]
[html.themewant.com/invena/assets/images/about/icons/02.svg]
[html.themewant.com/invena/assets/images/counterup/icon/01.svg]
[html.themewant.com/invena/assets/images/counterup/icon/02.svg]
[html.themewant.com/invena/assets/images/counterup/icon/03.svg]
[html.themewant.com/invena/assets/images/counterup/icon/04.svg]
[html.themewant.com/invena/assets/images/footer/02.svg]
[html.themewant.com/invena/assets/images/footer/01.svg]
[html.themewant.com/invena/assets/js/plugins/jquery.js]
[html.themewant.com/invena/assets/js/plugins/odometer.js]
[html.themewant.com/invena/assets/js/plugins/jquery-appear.js]
[html.themewant.com/invena/assets/js/plugins/gsap.js]
[html.themewant.com/invena/assets/js/plugins/split-text.js]
[html.themewant.com/invena/assets/js/plugins/scroll-trigger.js]
[html.themewant.com/invena/assets/js/plugins/smooth-scroll.js]
[html.themewant.com/invena/assets/js/plugins/metismenu.js]
[html.themewant.com/invena/assets/js/plugins/popup.js]
[html.themewant.com/invena/assets/js/vendor/bootstrap.min.js]
[html.themewant.com/invena/e]
[html.themewant.com/invena/Version/index.html]
[html.themewant.com/invena/t.params.url]
[html.themewant.com/invena/assets/js/plugins/swiper.js]
[html.themewant.com/invena/assets/js/plugins/contact.form.js]
[html.themewant.com/invena/assets/js/main.js]
[html.themewant.com/invena/assets/fonts/fa-thin-100.html]
[html.themewant.com/invena/assets/fonts/fa-thin-101.html]
[html.themewant.com/invena/assets/fonts/fa-v4compatibility.html]
[html.themewant.com/invena/assets/fonts/fa-v4compatibility-2.html]
[html.themewant.com/invena/assets/images/bg/bg-image-1.html]
[html.themewant.com/invena/assets/images/bg/bg-image-2.html]
[html.themewant.com/invena/assets/images/bg/bg-image-3.html]
[html.themewant.com/invena/assets/images/bg/bg-image-4.html]
[html.themewant.com/invena/assets/images/bg/bg-image-5.html]
[html.themewant.com/invena/assets/images/bg/bg-image-6.html]
[html.themewant.com/invena/assets/images/bg/bg-image-7.html]
[html.themewant.com/invena/assets/images/bg/bg-image-8.html]
[html.themewant.com/invena/assets/images/bg/bg-image-9.html]
[html.themewant.com/invena/assets/images/bg/bg-image-10.html]
[html.themewant.com/invena/assets/images/bg/bg-image-11.html]
[html.themewant.com/invena/assets/images/bg/bg-image-12.html]
[html.themewant.com/invena/assets/images/bg/bg-image-13.html]
[html.themewant.com/invena/assets/images/bg/bg-image-14.html]
[html.themewant.com/invena/assets/images/bg/bg-image-15.html]
[html.themewant.com/invena/assets/images/bg/bg-image-16.html]
[html.themewant.com/invena/assets/images/bg/bg-image-17.html]
[html.themewant.com/invena/assets/images/bg/bg-image-18.html]
[html.themewant.com/invena/assets/images/bg/bg-image-19.html]
[html.themewant.com/invena/assets/images/bg/bg-image-20.html]
[html.themewant.com/invena/assets/images/bg/bg-image-21.html]
[html.themewant.com/invena/assets/images/bg/bg-image-22.html]
[html.themewant.com/invena/assets/images/bg/bg-image-23.html]
[html.themewant.com/invena/assets/images/bg/bg-image-24.html]
[html.themewant.com/invena/assets/images/bg/bg-image-25.html]
[html.themewant.com/invena/assets/images/bg/bg-image-26.html]
[html.themewant.com/invena/assets/images/bg/bg-image-27.html]
[html.themewant.com/invena/assets/images/bg/bg-image-28.html]
[html.themewant.com/invena/assets/images/bg/bg-image-29.html]
[html.themewant.com/invena/assets/images/bg/bg-image-30.html]
[html.themewant.com/invena/assets/images/bg/bg-image-31.html]
[html.themewant.com/invena/assets/images/bg/bg-image-32.html]
[html.themewant.com/invena/assets/images/bg/bg-image-33.html]
[html.themewant.com/invena/assets/images/bg/bg-image-34.html]
[html.themewant.com/invena/assets/images/bg/bg-image-35.html]
[html.themewant.com/invena/assets/images/bg/bg-image-36.html]
[html.themewant.com/invena/assets/images/bg/bg-image-37.html]
[html.themewant.com/invena/assets/images/bg/bg-image-38.html]
[html.themewant.com/invena/assets/images/bg/bg-image-39.html]
[html.themewant.com/invena/assets/images/bg/bg-image-40.html]
[html.themewant.com/invena/assets/images/gallery/bullet.svg]
[html.themewant.com/invena/assets/images/service/icons/bullet-active.svg]
[html.themewant.com/invena/assets/images/counterup/01.svg]
[html.themewant.com/invena/assets/images/testimonials/icon/01.html]
[html.themewant.com/invena/assets/images/testimonials/icons/01.svg]
[html.themewant.com/invena/assets/images/logo/logo-2.svg]
[html.themewant.com/invena/assets/images/logo/03.svg]
[html.themewant.com/invena/privacy-policy.html]
[html.themewant.com/invena/terms-of-condition.html]
[html.themewant.com/invena/assets/images/about/poligon-shape.svg]
[html.themewant.com/invena/assets/images/about/video.svg]
[html.themewant.com/invena/assets/images/banner/shape/circle.svg]
[html.themewant.com/invena/assets/images/service/01.svg]
[html.themewant.com/invena/assets/images/service/02.svg]
[html.themewant.com/invena/assets/images/service/03.svg]
[html.themewant.com/invena/assets/images/fun-facts/01.svg]
[html.themewant.com/invena/assets/images/fun-facts/02.svg]
[html.themewant.com/invena/assets/images/fun-facts/03.svg]
[html.themewant.com/invena/assets/images/process/icon/01.svg]
[html.themewant.com/invena/assets/images/process/icon/02.svg]
[html.themewant.com/invena/assets/images/process/icon/03.svg]
[html.themewant.com/invena/assets/images/service/icons/04.svg]
[html.themewant.com/invena/assets/images/service/icons/05.svg]
[html.themewant.com/invena/assets/images/service/icons/06.svg]
[html.themewant.com/invena/assets/images/service/icons/07.svg]
[html.themewant.com/invena/assets/images/about/shape/04.svg]
[html.themewant.com/invena/assets/images/wokring-process/icon/01.svg]
[html.themewant.com/invena/assets/images/wokring-process/icon/02.svg]
[html.themewant.com/invena/assets/images/wokring-process/icon/03.svg]
[html.themewant.com/invena/assets/images/wokring-process/icon/04.svg]
[html.themewant.com/invena/assets/images/why-choose/01.svg]
[html.themewant.com/invena/assets/images/why-choose/02.svg]
[html.themewant.com/invena/assets/images/banner/shape/left.svg]
[html.themewant.com/invena/assets/images/banner/shape/right.svg]
[html.themewant.com/invena/assets/images/why-choose/icons/01.svg]
[html.themewant.com/invena/assets/images/why-choose/icons/02.svg]
[html.themewant.com/invena/assets/images/why-choose/icons/03.svg]
[html.themewant.com/invena/assets/images/why-choose/icons/06.svg]
[html.themewant.com/invena/assets/images/why-choose/icons/07.svg]
[html.themewant.com/invena/assets/images/project/eye.svg]
[html.themewant.com/invena/assets/images/gallery/instagram.svg]
[html.themewant.com/invena/contactus.html]
[html.themewant.com/invena/assets/images/service/icons/08.svg]
[html.themewant.com/invena/assets/images/service/icons/09.svg]
[html.themewant.com/invena/assets/images/service/icons/10.svg]
[html.themewant.com/invena/assets/images/fun/01.svg]
[html.themewant.com/invena/assets/images/fun/02.svg]
[html.themewant.com/invena/assets/images/fun/03.svg]
[html.themewant.com/invena/assets/images/about/icons/03.svg]
[html.themewant.com/invena/assets/images/about/icons/04.svg]
[html.themewant.com/invena/assets/images/about/icons/05.svg]
[html.themewant.com/invena/assets/images/project/01.svg]
[html.themewant.com/invena/assets/images/logo/05.svg]
[html.themewant.com/invena/assets/images/about/icons/06.svg]
[html.themewant.com/invena/assets/images/about/icons/07.svg]
[html.themewant.com/invena/assets/images/logo/07.svg]
[html.themewant.com/invena/assets/images/banner/icon/03.svg]
[html.themewant.com/invena/assets/images/why-choose/icons/08.svg]
[html.themewant.com/invena/assets/images/why-choose/icons/09.svg]
[html.themewant.com/invena/assets/images/logo/08.svg]
[html.themewant.com/invena/assets/images/service/icon/03.svg]
[html.themewant.com/invena/assets/images/service/icon/04.svg]
[html.themewant.com/invena/assets/images/service/icon/05.svg]
[html.themewant.com/invena/assets/images/testimonials/icons/04.svg]
[html.themewant.com/invena/assets/images/process/icon/04.svg]
[html.themewant.com/invena/assets/images/service/icons/11.svg]
[html.themewant.com/invena/assets/images/service/icons/12.svg]
[html.themewant.com/invena/assets/images/service/icons/13.svg]
[html.themewant.com/invena/assets/images/service/icons/14.svg]
[html.themewant.com/invena/assets/images/service/13.svg]
[html.themewant.com/invena/assets/images/footer/02.webp]
[html.themewant.com/invena/assets/images/service/14.svg]
[html.themewant.com/invena/assets/images/service/15.svg]
[html.themewant.com/invena/assets/images/service/16.svg]
[html.themewant.com/invena/assets/images/logo/02.svg]
[html.themewant.com/invena/assets/images/banner/icon/01.svg]
[html.themewant.com/invena/assets/images/project/02.svg]
[html.themewant.com/invena/assets/images/banner/icon/02.svg]
[html.themewant.com/invena/assets/images/banner/shape/shape.svg]
[html.themewant.com/invena/assets/images/about/sign-white.svg]
[html.themewant.com/invena/assets/images/banner/icon/04.svg]
[html.themewant.com/invena/assets/images/logo/04.svg]
[html.themewant.com/invena/assets/images/banner/icon/video.svg]
[html.themewant.com/invena/assets/images/testimonials/01.svg]
[html.themewant.com/invena/assets/images/about/icons/08.svg]
[html.themewant.com/invena/assets/images/about/icons/09.svg]
[html.themewant.com/invena/assets/images/banner/icon/video-white.svg]
[html.themewant.com/golfy/assets/js/plugins/magnific-popup.js]
[html.themewant.com/invena/assets/images/service/08.svg]
[html.themewant.com/invena/assets/images/service/icon/01.svg]
[html.themewant.com/invena/assets/images/service/icon/02.svg]
[html.themewant.com/invena/assets/images/logo/06.svg]
[html.themewant.com/invena/assets/images/fun/04.svg]
[html.themewant.com/invena/assets/images/fun/05.svg]
[html.themewant.com/invena/assets/images/fun/06.svg]
[html.themewant.com/invena/assets/images/appoinment/01.svg]
[html.themewant.com/invena/assets/images/portfolio/icons/05.svg]
[html.themewant.com/invena/assets/images/portfolio/icons/06.svg]
[html.themewant.com/invena/assets/images/portfolio/icons/07.svg]
[html.themewant.com/invena/assets/images/portfolio/icons/08.svg]
[html.themewant.com/invena/Version/index.html]
[html.themewant.com/invena/e.html]
[html.themewant.com/invena/t.params.html]
